---
source: crates/teamtalk/tests/types_snapshot_tests.rs
expression: account
---
UserAccount {
    username: "alice",
    password: "secret",
    user_type: 2,
    user_rights: 7,
    note: "ops",
    init_channel: "/Root/Ops",
    user_data: 42,
    auto_operator_channels: [
        ChannelId(
            5,
        ),
    ],
    audio_codec_bps_limit: 96000,
    abuse_prevent: AbusePrevention {
        commands_limit: 3,
        commands_interval_ms: 500,
    },
}
